


ARM Macro Assembler    Page 1 Q2


    1 00000000                 TTL              Q2
    2 00000000                 AREA             Program,CODE,READONLY
    3 00000000                 ENTRY
    4 00000000         
    5 00000000         Main
    6 00000000 E59F0030        LDR              R0,LIST
    7 00000004 E210140F        ANDS             R1,R0,#0x0F000000
    8 00000008 E1A01C21        MOV              R1, R1, LSR#24
    9 0000000C E0855001        ADD              R5,R5,R1
   10 00000010 E210280F        ANDS             R2,R0,#0x000F0000
   11 00000014 E1A02622        MOV              R2,R2, LSR #12
   12 00000018 E0855002        ADD              R5,R5,R2
   13 0000001C E2103C0F        ANDS             R3,R0,#0x00000F00
   14 00000020 E0855003        ADD              R5,R5,R3
   15 00000024 E210400F        ANDS             R4,R0,#0x0000000F
   16 00000028 E1A04604        MOV              R4,R4, LSL #12
   17 0000002C E0855004        ADD              R5,R5,R4
   18 00000030 E58F5004        STR              R5,Result
   19 00000034 EF000011        SWI              &11
   20 00000038         
   21 00000038         LIST
   22 00000038 1C              DCB              &1C
   23 00000039 2D              DCB              &2D
   24 0000003A 32              DCB              &32
   25 0000003B 46              DCB              &46
   26 0000003C         
   27 0000003C         Result
   28 0000003C 00000000        DCD              &0
   29 00000040                 END
Command Line: --debug --xref --diag_suppress=9931 --apcs=interwork --depend=.\o
bjects\32_bit.d -o.\objects\32_bit.o -IC:\Keil_v5\ARM\RV31\INC -IC:\Keil_v5\ARM
\CMSIS\Include -IC:\Keil_v5\ARM\INC\Philips --predefine="__EVAL SETA 1" --prede
fine="__UVISION_VERSION SETA 524" --list=.\listings\32_bit.lst 32_Bit.s



ARM Macro Assembler    Page 1 Alphabetic symbol ordering
Relocatable symbols

LIST 00000038

Symbol: LIST
   Definitions
      At line 21 in file 32_Bit.s
   Uses
      At line 6 in file 32_Bit.s
Comment: LIST used once
Main 00000000

Symbol: Main
   Definitions
      At line 5 in file 32_Bit.s
   Uses
      None
Comment: Main unused
Program 00000000

Symbol: Program
   Definitions
      At line 2 in file 32_Bit.s
   Uses
      None
Comment: Program unused
Result 0000003C

Symbol: Result
   Definitions
      At line 27 in file 32_Bit.s
   Uses
      At line 18 in file 32_Bit.s
Comment: Result used once
4 symbols
336 symbols in table
